Depth  Name                                                #Inst  Area (um^2)  
-------------------------------------------------------------------------------
0      DTMF_CHIP                                           5667   1274168.74283
1      IOPADS_INST                                         72     850713.3056  
1      DTMF_INST                                           5595   423455.437225
2      DTMF_INST/ULAW_LIN_CONV_INST                        83     1190.8512    
2      DTMF_INST/SPI_INST                                  54     2461.536     
2      DTMF_INST/RESULTS_CONV_INST                         1683   36440.712    
2      DTMF_INST/RAM_256x16_TEST_INST                      17     87724.8489   
2      DTMF_INST/DMA_INST                                  60     1955.9232    
2      DTMF_INST/RAM_128x16_TEST_INST                      17     75720.9141   
2      DTMF_INST/TDSP_DS_CS_INST                           20     442.4112     
2      DTMF_INST/DATA_SAMPLE_MUX_INST                      26     648.648      
2      DTMF_INST/ARB_INST                                  24     47710.426225 
2      DTMF_INST/TEST_CONTROL_INST                         6      159.6672     
2      DTMF_INST/TDSP_CORE_INST                            3567   83622.3696   
2      DTMF_INST/TDSP_MUX                                  16     425.7792     
2      DTMF_INST/DIGIT_REG_INST                            12     831.6        
3      DTMF_INST/TDSP_CORE_INST/DATA_BUS_MACH_INST         70     2837.4192    
3      DTMF_INST/TDSP_CORE_INST/MPY_32_INST                1067   25370.4528   
3      DTMF_INST/TDSP_CORE_INST/EXECUTE_INST               728    22014.1152   
3      DTMF_INST/TDSP_CORE_INST/PROG_BUS_MACH_INST         54     2637.8352    
3      DTMF_INST/TDSP_CORE_INST/TDSP_CORE_GLUE_INST        471    8019.9504    
3      DTMF_INST/TDSP_CORE_INST/ALU_32_INST                882    12799.9872   
3      DTMF_INST/TDSP_CORE_INST/ACCUM_STAT_INST            20     349.272      
3      DTMF_INST/TDSP_CORE_INST/TDSP_CORE_MACH_INST        48     1350.5184    
3      DTMF_INST/TDSP_CORE_INST/DECODE_INST                171    5568.3936    
3      DTMF_INST/TDSP_CORE_INST/PORT_BUS_MACH_INST         54     2647.8144    
4      DTMF_INST/TDSP_CORE_INST/MPY_32_INST/M16X16_INST    817    21827.8368   
